// Jest Snapshot v1, https://goo.gl/fbAQLP

exports[`<FormInput /> should match snapshot 1`] = `
<div
  className="FormInput form-group"
>
  <div
    className="input-group"
  >
    <div
      className="input-group-prepend"
    >
      <span
        className="input-group-text"
      >
        <img
          alt="username"
          src={
            Object {
              "process": [Function],
            }
          }
        />
      </span>
    </div>
    <input
      className="form-control"
      id="username"
      name="username"
      onChange={[Function]}
      placeholder="Username"
      type="text"
      value="foo"
    />
  </div>
</div>
`;
