// Jest Snapshot v1, https://goo.gl/fbAQLP

exports[`<LoginForm /> render() dispatches event 1`] = `Array []`;

exports[`<LoginForm /> render() renders the component 1`] = `
<div
  className="vertical-center col"
  style={
    Object {
      "backgroundImage": "url(images/log_bg.webp)",
      "backgroundPosition": "center",
      "backgroundRepeat": "no-repeat",
      "backgroundSize": "cover",
    }
  }
>
  <Form
    className="form-login col-sm-12 col-lg-6 m-auto"
    onSubmit={[Function]}
    tag="form"
  >
    <onlyUpdateForKeys(Loader)
      className="css-58un9k"
      color="#123abc"
      loading={false}
      size={80}
      sizeUnit="px"
    />
    <FormGroup
      row={true}
      tag="div"
    >
      <Col
        className="mb-4"
        sm={12}
        style={
          Object {
            "backgroundImage": "url(images/log_logo.png)",
            "backgroundPosition": "center",
            "backgroundRepeat": "no-repeat",
            "backgroundSize": "contain",
            "height": "60px",
          }
        }
        tag="div"
        widths={
          Array [
            "xs",
            "sm",
            "md",
            "lg",
            "xl",
          ]
        }
      />
    </FormGroup>
    <FormGroup
      className="form-inputs"
      row={true}
      tag="div"
    >
      <Col
        sm={12}
        tag="div"
        widths={
          Array [
            "xs",
            "sm",
            "md",
            "lg",
            "xl",
          ]
        }
      >
        <TSInput
          inputChange={[Function]}
          inputImgStyle={
            Object {
              "backgroundImage": "url(images/username.svg)",
              "backgroundPosition": "center",
              "backgroundRepeat": "no-repeat",
              "height": "inherit",
            }
          }
          inputInvalid={false}
          inputPlaceholder="Username"
          inputType="username"
          inputValue="tesonet"
        />
      </Col>
    </FormGroup>
    <FormGroup
      className="form-inputs"
      row={true}
      tag="div"
    >
      <Col
        sm={12}
        tag="div"
        widths={
          Array [
            "xs",
            "sm",
            "md",
            "lg",
            "xl",
          ]
        }
      >
        <TSInput
          inputChange={[Function]}
          inputImgStyle={
            Object {
              "backgroundImage": "url(images/password.svg)",
              "backgroundPosition": "center",
              "backgroundRepeat": "no-repeat",
              "height": "inherit",
            }
          }
          inputInvalid={false}
          inputPlaceholder="Password"
          inputType="password"
          inputValue="partyanimal"
        />
      </Col>
    </FormGroup>
    <FormGroup
      className="form-inputs"
      row={true}
      tag="div"
    >
      <Col
        sm={12}
        tag="div"
        widths={
          Array [
            "xs",
            "sm",
            "md",
            "lg",
            "xl",
          ]
        }
      >
        <TSButton
          buttonClass="w-100 h-100"
          buttonText="Log In"
          color="success"
          loading={false}
        />
      </Col>
    </FormGroup>
  </Form>
</div>
`;
