// Jest Snapshot v1, https://goo.gl/fbAQLP

exports[`servers page should render 1`] = `
<div
  className="servers"
>
  <Row
    className="servers__page-header"
    tag="div"
  >
    <Col
      tag="div"
      widths={
        Array [
          "xs",
          "sm",
          "md",
          "lg",
          "xl",
        ]
      }
      xs={12}
    >
      <img
        alt="logo"
        className="servers__logo"
        src="/testio-logo-dark.png"
      />
      <span
        className="servers__logout"
        onClick={[Function]}
      >
        <Component
          name="sign-out"
        />
        Logout
      </span>
    </Col>
  </Row>
  <Row
    className="servers__list-header"
    tag="div"
  >
    <Col
      tag="div"
      widths={
        Array [
          "xs",
          "sm",
          "md",
          "lg",
          "xl",
        ]
      }
      xs={12}
    >
      <span>
        SERVER
      </span>
      <span>
        DISTANCE
      </span>
    </Col>
  </Row>
  <Row
    className="servers__list-item"
    tag="div"
  >
    <Col
      tag="div"
      widths={
        Array [
          "xs",
          "sm",
          "md",
          "lg",
          "xl",
        ]
      }
      xs={12}
    >
      <span>
        server1
      </span>
      <span>
        20
         km
      </span>
    </Col>
  </Row>
  <Row
    className="servers__list-item"
    tag="div"
  >
    <Col
      tag="div"
      widths={
        Array [
          "xs",
          "sm",
          "md",
          "lg",
          "xl",
        ]
      }
      xs={12}
    >
      <span>
        server2
      </span>
      <span>
        30
         km
      </span>
    </Col>
  </Row>
  <Row
    className="servers__list-item"
    tag="div"
  >
    <Col
      tag="div"
      widths={
        Array [
          "xs",
          "sm",
          "md",
          "lg",
          "xl",
        ]
      }
      xs={12}
    >
      <span>
        server3
      </span>
      <span>
        40
         km
      </span>
    </Col>
  </Row>
</div>
`;
