// Jest Snapshot v1, https://goo.gl/fbAQLP

exports[`StyledAlert component should render the <div /> element. 1`] = `
ShallowWrapper {
  "length": 1,
  Symbol(enzyme.__root__): [Circular],
  Symbol(enzyme.__unrendered__): <styled.div
    isOpen={true}
>
    <Alert
        closeAriaLabel="Close"
        color="danger"
        isOpen={true}
        tag="div"
        transition={
            Object {
                "appear": true,
                "baseClass": "fade",
                "baseClassActive": "show",
                "enter": true,
                "exit": true,
                "in": true,
                "mountOnEnter": false,
                "onEnter": [Function],
                "onEntered": [Function],
                "onEntering": [Function],
                "onExit": [Function],
                "onExited": [Function],
                "onExiting": [Function],
                "tag": "div",
                "timeout": 150,
                "unmountOnExit": true,
              }
        }
    >
        <span>
            Test
        </span>
    </Alert>
</styled.div>,
  Symbol(enzyme.__renderer__): Object {
    "batchedUpdates": [Function],
    "getNode": [Function],
    "render": [Function],
    "simulateEvent": [Function],
    "unmount": [Function],
  },
  Symbol(enzyme.__node__): Object {
    "instance": null,
    "key": undefined,
    "nodeType": "host",
    "props": Object {
      "children": <Alert
        closeAriaLabel="Close"
        color="danger"
        isOpen={true}
        tag="div"
        transition={
                Object {
                        "appear": true,
                        "baseClass": "fade",
                        "baseClassActive": "show",
                        "enter": true,
                        "exit": true,
                        "in": true,
                        "mountOnEnter": false,
                        "onEnter": [Function],
                        "onEntered": [Function],
                        "onEntering": [Function],
                        "onExit": [Function],
                        "onExited": [Function],
                        "onExiting": [Function],
                        "tag": "div",
                        "timeout": 150,
                        "unmountOnExit": true,
                      }
        }
>
        <span>
                Test
        </span>
</Alert>,
      "className": "sc-bdVaJa gZOevp",
    },
    "ref": null,
    "rendered": Object {
      "instance": null,
      "key": undefined,
      "nodeType": "function",
      "props": Object {
        "children": <span>
          Test
</span>,
        "closeAriaLabel": "Close",
        "color": "danger",
        "isOpen": true,
        "tag": "div",
        "transition": Object {
          "appear": true,
          "baseClass": "fade",
          "baseClassActive": "show",
          "enter": true,
          "exit": true,
          "in": true,
          "mountOnEnter": false,
          "onEnter": [Function],
          "onEntered": [Function],
          "onEntering": [Function],
          "onExit": [Function],
          "onExited": [Function],
          "onExiting": [Function],
          "tag": "div",
          "timeout": 150,
          "unmountOnExit": true,
        },
      },
      "ref": null,
      "rendered": Object {
        "instance": null,
        "key": undefined,
        "nodeType": "host",
        "props": Object {
          "children": "Test",
        },
        "ref": null,
        "rendered": "Test",
        "type": "span",
      },
      "type": [Function],
    },
    "type": "div",
  },
  Symbol(enzyme.__nodes__): Array [
    Object {
      "instance": null,
      "key": undefined,
      "nodeType": "host",
      "props": Object {
        "children": <Alert
          closeAriaLabel="Close"
          color="danger"
          isOpen={true}
          tag="div"
          transition={
                    Object {
                              "appear": true,
                              "baseClass": "fade",
                              "baseClassActive": "show",
                              "enter": true,
                              "exit": true,
                              "in": true,
                              "mountOnEnter": false,
                              "onEnter": [Function],
                              "onEntered": [Function],
                              "onEntering": [Function],
                              "onExit": [Function],
                              "onExited": [Function],
                              "onExiting": [Function],
                              "tag": "div",
                              "timeout": 150,
                              "unmountOnExit": true,
                            }
          }
>
          <span>
                    Test
          </span>
</Alert>,
        "className": "sc-bdVaJa gZOevp",
      },
      "ref": null,
      "rendered": Object {
        "instance": null,
        "key": undefined,
        "nodeType": "function",
        "props": Object {
          "children": <span>
            Test
</span>,
          "closeAriaLabel": "Close",
          "color": "danger",
          "isOpen": true,
          "tag": "div",
          "transition": Object {
            "appear": true,
            "baseClass": "fade",
            "baseClassActive": "show",
            "enter": true,
            "exit": true,
            "in": true,
            "mountOnEnter": false,
            "onEnter": [Function],
            "onEntered": [Function],
            "onEntering": [Function],
            "onExit": [Function],
            "onExited": [Function],
            "onExiting": [Function],
            "tag": "div",
            "timeout": 150,
            "unmountOnExit": true,
          },
        },
        "ref": null,
        "rendered": Object {
          "instance": null,
          "key": undefined,
          "nodeType": "host",
          "props": Object {
            "children": "Test",
          },
          "ref": null,
          "rendered": "Test",
          "type": "span",
        },
        "type": [Function],
      },
      "type": "div",
    },
  ],
  Symbol(enzyme.__options__): Object {
    "adapter": ReactSixteenAdapter {
      "options": Object {
        "enableComponentDidUpdateOnSetState": true,
      },
    },
  },
}
`;
