// Jest Snapshot v1, https://goo.gl/fbAQLP

exports[`List Content should render error message 1`] = `
<styled.div
  className="alert alert-danger"
>
  <FormattedMessage
    defaultMessage="Something went wrong. Failed to load servers list."
    id="src.servers-list.components.list-content.failedToLoadServersList"
    values={Object {}}
  />
</styled.div>
`;

exports[`List Content should render loader 1`] = `
<styled.div>
  <Component
    component="div"
    loaded={false}
    loadedClassName="loadedContent"
    parentClassName="loader"
  />
</styled.div>
`;

exports[`List Content should render servers list 1`] = `
Array [
  <styled.li
    className="list-group-item"
    key="1"
  >
    <span>
      Server1
    </span>
    <span>
      11 km
    </span>
  </styled.li>,
  <styled.li
    className="list-group-item"
    key="2"
  >
    <span>
      Server2
    </span>
    <span>
      1 km
    </span>
  </styled.li>,
]
`;
