// Jest Snapshot v1, https://goo.gl/fbAQLP

exports[`Empty State should should render empty state 1`] = `
<Styled(styled.li)
  className="list-group-item"
>
  <FormattedMessage
    defaultMessage="No results"
    id="src.servers-list.components.empty-state.noResults"
    values={Object {}}
  />
</Styled(styled.li)>
`;
