// Jest Snapshot v1, https://goo.gl/fbAQLP

exports[`list actions  #buildAds should build countries list from api data 1`] = `
Array [
  Object {
    "distance": 451,
    "name": "Latvia #56",
    "uid": "06e53ed8-9dfe-4624-adf2-d3d5895e5330",
  },
  Object {
    "distance": 1713,
    "name": "Lithuania #56",
    "uid": "55859e5b-6b40-4a18-b9c2-99dd80a1250b",
  },
  Object {
    "distance": 504,
    "name": "Latvia #81",
    "uid": "7f21447a-8576-48c2-9547-f491c5419162",
  },
]
`;
