// Jest Snapshot v1, https://goo.gl/fbAQLP

exports[`List actions  #buildAds should build countries list from api data 1`] = `
Array [
  Object {
    "distance": 451,
    "name": "Latvia #56",
    "uid": "00000000-0000-0000-0000-000000000000",
  },
  Object {
    "distance": 1713,
    "name": "Lithuania #56",
    "uid": "00000000-0000-0000-0000-000000000000",
  },
  Object {
    "distance": 504,
    "name": "Latvia #81",
    "uid": "00000000-0000-0000-0000-000000000000",
  },
]
`;
